Flow report for Image1
Sat Nov 20 13:24:58 2021
Quartus Prime Version 15.1.2 Build 193 02/01/2016 SJ Standard Edition


---------------------
; Table of Contents ;
---------------------
  1. Legal Notice
  2. Flow Summary
  3. Flow Settings
  4. Flow Non-Default Global Settings
  5. Flow Elapsed Time
  6. Flow OS Summary
  7. Flow Log
  8. Flow Messages
  9. Flow Suppressed Messages



----------------
; Legal Notice ;
----------------
Copyright (C) 1991-2016 Altera Corporation. All rights reserved.
Your use of Altera Corporation's design tools, logic functions 
and other software and tools, and its AMPP partner logic 
functions, and any output files from any of the foregoing 
(including device programming or simulation files), and any 
associated documentation or information are expressly subject 
to the terms and conditions of the Altera Program License 
Subscription Agreement, the Altera Quartus Prime License Agreement,
the Altera MegaCore Function License Agreement, or other 
applicable license agreement, including, without limitation, 
that your use is for the sole purpose of programming logic 
devices manufactured by Altera and sold by Altera or its 
authorized distributors.  Please refer to the applicable 
agreement for further details.



+--------------------------------------------------------------------------------------+
; Flow Summary                                                                         ;
+------------------------------------+-------------------------------------------------+
; Flow Status                        ; Successful - Sat Nov 20 13:24:52 2021           ;
; Quartus Prime Version              ; 15.1.2 Build 193 02/01/2016 SJ Standard Edition ;
; Revision Name                      ; Image1                                          ;
; Top-level Entity Name              ; Top                                             ;
; Family                             ; MAX 10                                          ;
; Device                             ; 10M08SAE144C8GES                                ;
; Timing Models                      ; Final                                           ;
; Total logic elements               ; 1,412 / 8,064 ( 18 % )                          ;
;     Total combinational functions  ; 1,232 / 8,064 ( 15 % )                          ;
;     Dedicated logic registers      ; 817 / 8,064 ( 10 % )                            ;
; Total registers                    ; 817                                             ;
; Total pins                         ; 8 / 101 ( 8 % )                                 ;
; Total virtual pins                 ; 0                                               ;
; Total memory bits                  ; 4,096 / 387,072 ( 1 % )                         ;
; Embedded Multiplier 9-bit elements ; 0 / 48 ( 0 % )                                  ;
; Total PLLs                         ; 0 / 1 ( 0 % )                                   ;
; UFM blocks                         ; 1 / 1 ( 100 % )                                 ;
; ADC blocks                         ; 0 / 1 ( 0 % )                                   ;
+------------------------------------+-------------------------------------------------+


+-----------------------------------------+
; Flow Settings                           ;
+-------------------+---------------------+
; Option            ; Setting             ;
+-------------------+---------------------+
; Start date & time ; 11/20/2021 13:23:55 ;
; Main task         ; Compilation         ;
; Revision Name     ; Image1              ;
+-------------------+---------------------+


+------------------------------------------------------------------------------------------------------------------------+
; Flow Non-Default Global Settings                                                                                       ;
+-------------------------------------+---------------------------------------+---------------+-------------+------------+
; Assignment Name                     ; Value                                 ; Default Value ; Entity Name ; Section Id ;
+-------------------------------------+---------------------------------------+---------------+-------------+------------+
; COMPILER_SIGNATURE_ID               ; 264403982144632.163738943511756       ; --            ; --          ; --         ;
; ENABLE_SIGNALTAP                    ; Off                                   ; --            ; --          ; --         ;
; FLOW_ENABLE_POWER_ANALYZER          ; On                                    ; Off           ; --          ; --         ;
; MAX_CORE_JUNCTION_TEMP              ; 85                                    ; --            ; --          ; --         ;
; MIN_CORE_JUNCTION_TEMP              ; 0                                     ; --            ; --          ; --         ;
; OUTPUT_IO_TIMING_FAR_END_VMEAS      ; Half Signal Swing                     ; --            ; --          ; --         ;
; OUTPUT_IO_TIMING_FAR_END_VMEAS      ; Half Signal Swing                     ; --            ; --          ; --         ;
; OUTPUT_IO_TIMING_NEAR_END_VMEAS     ; Half Vccio                            ; --            ; --          ; --         ;
; OUTPUT_IO_TIMING_NEAR_END_VMEAS     ; Half Vccio                            ; --            ; --          ; --         ;
; PARTITION_COLOR                     ; 16764057                              ; --            ; Top         ; Top        ;
; PARTITION_FITTER_PRESERVATION_LEVEL ; PLACEMENT_AND_ROUTING                 ; --            ; Top         ; Top        ;
; PARTITION_NETLIST_TYPE              ; SOURCE                                ; --            ; Top         ; Top        ;
; POWER_BOARD_THERMAL_MODEL           ; None (CONSERVATIVE)                   ; --            ; --          ; --         ;
; POWER_DEFAULT_INPUT_IO_TOGGLE_RATE  ; 12.5 %                                ; 12.5%         ; --          ; --         ;
; POWER_PRESET_COOLING_SOLUTION       ; 23 MM HEAT SINK WITH 200 LFPM AIRFLOW ; --            ; --          ; --         ;
; PROJECT_OUTPUT_DIRECTORY            ; output_files                          ; --            ; --          ; --         ;
; TOP_LEVEL_ENTITY                    ; Top                                   ; Image1        ; --          ; --         ;
; USE_SIGNALTAP_FILE                  ; stp1.stp                              ; --            ; --          ; --         ;
+-------------------------------------+---------------------------------------+---------------+-------------+------------+


+-------------------------------------------------------------------------------------------------------------------------------+
; Flow Elapsed Time                                                                                                             ;
+---------------------------+--------------+-------------------------+---------------------+------------------------------------+
; Module Name               ; Elapsed Time ; Average Processors Used ; Peak Virtual Memory ; Total CPU Time (on all processors) ;
+---------------------------+--------------+-------------------------+---------------------+------------------------------------+
; Analysis & Synthesis      ; 00:00:20     ; 1.0                     ; 4992 MB             ; 00:00:29                           ;
; Fitter                    ; 00:00:23     ; 1.2                     ; 5875 MB             ; 00:00:21                           ;
; Assembler                 ; 00:00:02     ; 1.0                     ; 4881 MB             ; 00:00:01                           ;
; PowerPlay Power Analyzer  ; 00:00:03     ; 1.0                     ; 5053 MB             ; 00:00:04                           ;
; TimeQuest Timing Analyzer ; 00:00:05     ; 2.0                     ; 5021 MB             ; 00:00:05                           ;
; Total                     ; 00:00:53     ; --                      ; --                  ; 00:01:00                           ;
+---------------------------+--------------+-------------------------+---------------------+------------------------------------+


+----------------------------------------------------------------------------------------+
; Flow OS Summary                                                                        ;
+---------------------------+------------------+-----------+------------+----------------+
; Module Name               ; Machine Hostname ; OS Name   ; OS Version ; Processor type ;
+---------------------------+------------------+-----------+------------+----------------+
; Analysis & Synthesis      ; MICROSOFT-PC     ; Windows 8 ; 6.2        ; x86_64         ;
; Fitter                    ; MICROSOFT-PC     ; Windows 8 ; 6.2        ; x86_64         ;
; Assembler                 ; MICROSOFT-PC     ; Windows 8 ; 6.2        ; x86_64         ;
; PowerPlay Power Analyzer  ; MICROSOFT-PC     ; Windows 8 ; 6.2        ; x86_64         ;
; TimeQuest Timing Analyzer ; MICROSOFT-PC     ; Windows 8 ; 6.2        ; x86_64         ;
+---------------------------+------------------+-----------+------------+----------------+


------------
; Flow Log ;
------------
quartus_map --read_settings_files=on --write_settings_files=off Image1 -c Image1
quartus_fit --read_settings_files=off --write_settings_files=off Image1 -c Image1
quartus_asm --read_settings_files=off --write_settings_files=off Image1 -c Image1
quartus_pow --read_settings_files=off --write_settings_files=off Image1 -c Image1
quartus_sta Image1 -c Image1



